qsub -sync y /home/ubuntu/jobber/temp/tmpRcbe3i.qsub file12.txt
qsub -sync y /home/ubuntu/jobber/temp/tmpFc2yG7.qsub file4.txt
qsub -sync y /home/ubuntu/jobber/temp/tmp05HIKY.qsub file5.txt
qsub -sync y /home/ubuntu/jobber/temp/tmpZkPYOf.qsub file8.txt
qsub -sync y /home/ubuntu/jobber/temp/tmpZiwOVP.qsub file9.txt
qsub -sync y /home/ubuntu/jobber/temp/tmpIN8qU6.qsub file11.txt
qsub -sync y /home/ubuntu/jobber/temp/tmpwVRrJQ.qsub file0.txt
qsub -sync y /home/ubuntu/jobber/temp/tmpnRePos.qsub file13.txt
qsub -sync y /home/ubuntu/jobber/temp/tmpBVVtzk.qsub file2.txt
qsub -sync y /home/ubuntu/jobber/temp/tmp54aGX1.qsub file1.txt
qsub -sync y /home/ubuntu/jobber/temp/tmpcspDCA.qsub file10.txt
qsub -sync y /home/ubuntu/jobber/temp/tmp8tsNDV.qsub file6.txt
qsub -sync y /home/ubuntu/jobber/temp/tmpsNhKQh.qsub file7.txt
